[appilix.com/index.html]
[appilix.com/styles/images/favicon16x16.png]
[appilix.com/styles/images/favicon32x32.png]
[appilix.com/styles/images/favicon96x96.png]
[appilix.com/styles/images/favicon192x192.png]
[backblue.gif]
[fade.gif]
[index.html]
[appilix.com/styles/images/cover.png]
[appilix.com/styles/css/bootstrapffd6.css]
[appilix.com/styles/css/fontawesomeffd6.css]
[appilix.com/styles/css/magnific-popupffd6.css]
[appilix.com/styles/css/themeffd6.css]
[appilix.com/styles/images/logo.svg]
[appilix.com/features.html]
[appilix.com/pricing.html]
[appilix.com/contact-us.html]
[appilix.com/styles/images/banner.svg]
[appilix.com/styles/images/appilix_mockup_1_landscape.jpg]
[appilix.com/styles/images/appilix_mockup_1.jpg]
[appilix.com/account/login.html]
[appilix.com/styles/images/three_steps_1.png]
[appilix.com/styles/images/three_steps_2.png]
[appilix.com/styles/images/three_steps_3.png]
[appilix.com/styles/images/try_it_strength_1.svg]
[appilix.com/styles/images/try_it_strength_2.svg]
[appilix.com/styles/images/try_it_strength_3.svg]
[appilix.com/privacy-policy.html]
[appilix.com/refund-policy.html]
[appilix.com/terms-conditions.html]
[appilix.com/faq.html]
[appilix.com/changelogs.html]
[appilix.com/web-to-app.html]
[appilix.com/wordpress-to-app.html]
[appilix.com/styles/js/jqueryffd6.js]
[appilix.com/styles/js/bootstrapffd6.js]
[appilix.com/styles/js/magnific-popupffd6.js]
[appilix.com/index.html]
[appilix.com/styles/css/bootstrapffd6.css]
[appilix.com/styles/js/themeffd6.js]
[appilix.com/styles/fonts/fontawesome/fa-brands-400.eot]
[appilix.com/styles/fonts/fontawesome/fa-brands-400d41d.eot]
[appilix.com/styles/fonts/fontawesome/fa-brands-400.woff2]
[appilix.com/styles/fonts/fontawesome/fa-brands-400.woff]
[appilix.com/styles/fonts/fontawesome/fa-brands-400.ttf]
[appilix.com/styles/fonts/fontawesome/fa-brands-400.svg]
[appilix.com/styles/fonts/fontawesome/fa-regular-400.eot]
[appilix.com/styles/fonts/fontawesome/fa-regular-400d41d.eot]
[appilix.com/styles/fonts/fontawesome/fa-regular-400.woff2]
[appilix.com/styles/fonts/fontawesome/fa-regular-400.woff]
[appilix.com/styles/fonts/fontawesome/fa-regular-400.ttf]
[appilix.com/styles/fonts/fontawesome/fa-regular-400.svg]
[appilix.com/styles/fonts/fontawesome/fa-solid-900.eot]
[appilix.com/styles/fonts/fontawesome/fa-solid-900d41d.eot]
[appilix.com/styles/fonts/fontawesome/fa-solid-900.woff2]
[appilix.com/styles/fonts/fontawesome/fa-solid-900.woff]
[appilix.com/styles/fonts/fontawesome/fa-solid-900.ttf]
[appilix.com/styles/css/fontawesomeffd6.css]
[appilix.com/styles/css/magnific-popupffd6.css]
[appilix.com/styles/fonts/fontawesome/fa-solid-900.svg]
[appilix.com/styles/images/appilix_platform_types_action.svg]
[appilix.com/styles/images/appilix_platform_types_tick.svg]
[appilix.com/styles/css/themeffd6.css]
[appilix.com/styles/images/logo.svg]
[appilix.com/features.html]
[appilix.com/styles/images/account/google_sign_in_logo.svg]
[appilix.com/styles/images/pricing_strength_1.svg]
[appilix.com/styles/images/pricing_strength_2.svg]
[appilix.com/styles/images/pricing_strength_3.svg]
[appilix.com/cdn-cgi/l/email-protection.html]
[appilix.com/pricing.html]
[appilix.com/contact-us.html]
[appilix.com/account/index.html]
[appilix.com/styles/images/banner.svg]
[appilix.com/cdn-cgi/scripts/5c5dd728/cloudflare-static/email-decode.min.js]
[appilix.com/account/recover.html]
[appilix.com/account/login.html]
[appilix.com/styles/images/try_it_strength_1.svg]
[appilix.com/styles/images/try_it_strength_2.svg]
[appilix.com/styles/images/try_it_strength_3.svg]
[appilix.com/privacy-policy.html]
[appilix.com/account/register.html]
[appilix.com/refund-policy.html]
[appilix.com/terms-conditions.html]
[appilix.com/faq.html]
[appilix.com/changelogs.html]
[appilix.com/styles/images/webtoapp.svg]
[appilix.com/styles/images/why_best_1.svg]
[appilix.com/styles/images/why_best_2.svg]
[appilix.com/styles/images/why_best_3.svg]
[appilix.com/web-to-app.html]
[appilix.com/styles/images/why_best_4.svg]
[appilix.com/styles/images/wordpresstoapp.svg]
[appilix.com/styles/images/appilix_platform_types.png]
[appilix.com/wordpress-to-app.html]
[appilix.com/styles/fonts/fontawesome/fa-brands-400.svg]
[appilix.com/styles/fonts/fontawesome/fa-regular-400.svg]
[appilix.com/styles/fonts/fontawesome/fa-solid-900.svg]
[appilix.com/styles/images/appilix_platform_types_action.svg]
[appilix.com/styles/images/appilix_platform_types_tick.svg]
[appilix.com/styles/images/account/google_sign_in_logo.svg]
[appilix.com/styles/images/pricing_strength_1.svg]
[appilix.com/styles/images/pricing_strength_2.svg]
[appilix.com/styles/images/pricing_strength_3.svg]
[appilix.com/cdn-cgi/l/email-protection.html]
[www.google.com/recaptcha/api.js]
[appilix.com/account/recover.html]
[appilix.com/account/register.html]
[appilix.com/styles/images/webtoapp.svg]
[appilix.com/styles/images/why_best_1.svg]
[appilix.com/styles/images/why_best_2.svg]
[appilix.com/styles/images/why_best_3.svg]
[appilix.com/styles/images/why_best_4.svg]
[appilix.com/styles/images/wordpresstoapp.svg]
